[
    {
        "start": "09:00",
        "end": "10:00"
    },
    {
        "start": "10:00",
        "end": "11:00"
    },
    {
        "start": "11:00",
        "end": "12:00"
    }
]
