{
    "@context": "/contexts/User",
    "@id": "/me",
    "@type": "User",
    "id": 1,
    "email": "user@example.tld",
    "roles": [
        "ROLE_USER"
    ],
    "givenName": "John",
    "familyName": "Doe",
    "teams": [
        {
            "@id": "/teams/1",
            "@type": "Team",
            "id": 1,
            "name": "My Team 1",
            "slug": "my-team-1"
        },
        {
            "@id": "/teams/2",
            "@type": "Team",
            "id": 2,
            "name": "My Team 2",
            "slug": "my-team-2"
        }
    ],
    "managedTeams": [
        {
            "@id": "/teams/1",
            "@type": "Team",
            "id": 1,
            "name": "My Team 1",
            "slug": "my-team-1"
        }
    ]
}
