[
    {
        "id": 2,
        "type": {
            "id": 2,
            "name": "Team Meeting",
            "description": "Weekly sync with the team.",
            "duration": 30,
            "slug": "team-meeting"
        },
        "startDateTime": "2024-01-02T14:00:00+00:00",
        "endDateTime": "2024-01-02T15:30:00+00:00",
        "participantName": "Jane Smith",
        "participantEmail": "jane.smith@example.com",
        "participantMessage": "Can we discuss the agenda beforehand?"
    }
]
