[
    {
        "id": 1,
        "name": "My Team 1",
        "slug": "my-team-1"
    },
    {
        "id": 2,
        "name": "My Team 2",
        "slug": "my-team-2"
    }
]
