{
    "id": 1,
    "name": "My Team 1",
    "slug": "my-team-1"
}
