[
    {
        "day": "2025-08-18",
        "startTime": "14:00:00",
        "endTime": "14:30:00",
        "etag": "82c285918c61034c68be81889a8df89487bc5eb5e48605c75a5cf39fcab626b8"
    },
    {
        "day": "2025-07-31",
        "startTime": "11:00:00",
        "endTime": "11:30:00",
        "etag": "69c58f405b07ce85eaa5ba0ed15da13099c93db7d43034cb586d4e87b98bc0d7"
    },
    {
        "day": "2025-08-06",
        "startTime": "14:00:00",
        "endTime": "14:30:00",
        "etag": "d4d37332b0752ed332ab07a72bdde1bd7d6551eabd55e79269a669d0307942df"
    },
    {
        "day": "2025-08-01",
        "startTime": "09:00:00",
        "endTime": "09:30:00",
        "etag": "4d5b9f02bbe506d1c857d297ea2ccac0bf6ba99079645ebc1771d6dc5e1d17bc"
    },
    {
        "day": "2025-08-03",
        "startTime": "09:00:00",
        "endTime": "09:30:00",
        "etag": "351e99820110f5d494d8df883e273c8ccd5554a7e26b7754471a9e62734c697b"
    },
    {
        "day": "2025-07-30",
        "startTime": "11:00:00",
        "endTime": "11:30:00",
        "etag": "1622863d22462fb8d0fa2b441018cab3820ba6cd1e85b4c09c73ab71a3b5c661"
    },
    {
        "day": "2025-08-08",
        "startTime": "09:00:00",
        "endTime": "09:30:00",
        "etag": "6375fbee59edcea714e05eeefe9cf3bdef38182437f739d6735053d4bb1c39f9"
    },
    {
        "day": "2025-08-14",
        "startTime": "11:00:00",
        "endTime": "11:30:00",
        "etag": "501c810b8ce1eaab8d58118290334547cf6cb53d017ad79c2f391d6d85da7b27"
    },
    {
        "day": "2025-08-02",
        "startTime": "11:00:00",
        "endTime": "11:30:00",
        "etag": "f913b2f5fcbf92fc97b632684c05472a3c683dd340d1c0f59260f9d9b3e8ceb0"
    },
    {
        "day": "2025-08-07",
        "startTime": "14:00:00",
        "endTime": "14:30:00",
        "etag": "fb8014af4462cbe73cd86808d7ba11a4fe6a210dd7db615da64e0bd4d2b7aa72"
    },
    {
        "day": "2025-07-27",
        "startTime": "16:00:00",
        "endTime": "16:30:00",
        "etag": "38ea1c8bb6ca06f8c7755fecc6f08094d19de09b1cedacdf586b170eb3c4eefd"
    },
    {
        "day": "2025-08-11",
        "startTime": "14:00:00",
        "endTime": "14:30:00",
        "etag": "99c148641fc63e4247b10ebc2a5099105c5cc8cd2fa0ba8bc36721ed8ac3c1e7"
    },
    {
        "day": "2025-07-30",
        "startTime": "14:00:00",
        "endTime": "14:30:00",
        "etag": "e28a1d534060bbaddb71d02b8ef4311aab32dde646f8fd212980a75020c59d9a"
    },
    {
        "day": "2025-08-04",
        "startTime": "14:00:00",
        "endTime": "14:30:00",
        "etag": "35f3e34436df6bf91ba31f1f7e7b19ecf5c8e631e11c521021bbea62c960361c"
    },
    {
        "day": "2025-08-04",
        "startTime": "09:00:00",
        "endTime": "09:30:00",
        "etag": "66743aafc0174a674d2e7ce1c959cc9e24877c9a059ff9f9b829394d7e3e64b5"
    },
    {
        "day": "2025-08-10",
        "startTime": "16:00:00",
        "endTime": "16:30:00",
        "etag": "4bb2fefc4dd9567ab68d1cb73da09187a7f91ba31a195b7b4f2d91ff6482393d"
    },
    {
        "day": "2025-07-29",
        "startTime": "14:00:00",
        "endTime": "14:30:00",
        "etag": "6e9ead00fa501f0f94b2fefa1751849c003c150cd8292e770fc3c9debd6ff017"
    },
    {
        "day": "2025-08-23",
        "startTime": "16:00:00",
        "endTime": "16:30:00",
        "etag": "6f82beac70e5465f45b74290e4ae73f70e4e633e2134e78f92d458593c7c5af9"
    },
    {
        "day": "2025-08-22",
        "startTime": "14:00:00",
        "endTime": "14:30:00",
        "etag": "f9d5dd4cde3679f8e354974744469bed4cfdb3165fc94057827145db6ee6ff74"
    },
    {
        "day": "2025-07-30",
        "startTime": "16:00:00",
        "endTime": "16:30:00",
        "etag": "774d6b9a8789ef1ed49282ac47ad5fb0f9c85c9b7d15f363d43efdb22374d628"
    },
    {
        "day": "2025-08-18",
        "startTime": "09:00:00",
        "endTime": "09:30:00",
        "etag": "7dfa6a52bf089060c8d6b0d36afea4cd2469c8b75c00635d2394dbb0341f5c80"
    },
    {
        "day": "2025-08-05",
        "startTime": "14:00:00",
        "endTime": "14:30:00",
        "etag": "46916fdd518ee568bee92f58260c742d9f3d3bffdb432a37563c0eb60c211de1"
    },
    {
        "day": "2025-08-13",
        "startTime": "16:00:00",
        "endTime": "16:30:00",
        "etag": "68c75fd1dc207d76c985d5e776a0f41cdd853540ebb1f3661427fdb509648e53"
    },
    {
        "day": "2025-08-03",
        "startTime": "14:00:00",
        "endTime": "14:30:00",
        "etag": "39f9eeb01200c5a8fecfad47b104cfefd22c6f941a72bce38f2b912d351158e6"
    },
    {
        "day": "2025-08-17",
        "startTime": "09:00:00",
        "endTime": "09:30:00",
        "etag": "7c7b3534a2ed86b5f52f6c31d9b5745177c4f23c7530f4e2f8e41bcc6c77b622"
    },
    {
        "day": "2025-08-14",
        "startTime": "09:00:00",
        "endTime": "09:30:00",
        "etag": "e1a95ec845af383818c69d41b5d98ea43431b07533376eb9bade8cf14984be8c"
    },
    {
        "day": "2025-08-12",
        "startTime": "09:00:00",
        "endTime": "09:30:00",
        "etag": "451edc44d72a9da14ca2845be7096b6c90bd88f876b53ff0fe80edaa77cb3689"
    },
    {
        "day": "2025-07-29",
        "startTime": "16:00:00",
        "endTime": "16:30:00",
        "etag": "e644f1f9184d9368b326b1942658bb505bb5929b58a303b7e1bffb992bbeca83"
    },
    {
        "day": "2025-08-01",
        "startTime": "11:00:00",
        "endTime": "11:30:00",
        "etag": "b722cb3b82485ecec7141e3fe46c362634d05d5bec13bb3985b1f78064579a3e"
    },
    {
        "day": "2025-08-07",
        "startTime": "11:00:00",
        "endTime": "11:30:00",
        "etag": "f6886223ba438db3829f6fb8b8e521365ae8492849b0b228117aec2e59546acc"
    },
    {
        "day": "2025-08-10",
        "startTime": "14:00:00",
        "endTime": "14:30:00",
        "etag": "41d5ece7637479ad7d9ad1a0d7532c3954f7c9c61a3feb3f9828a21ddcb09000"
    },
    {
        "day": "2025-08-16",
        "startTime": "14:00:00",
        "endTime": "14:30:00",
        "etag": "5df0c16b4225a3e36b448b6e304e981c10cc983e8ffa056a718ba6398f459d97"
    },
    {
        "day": "2025-08-12",
        "startTime": "16:00:00",
        "endTime": "16:30:00",
        "etag": "c9e0f24fbb1732a478348abc018b61abde254430795332cfd0085c27ae134011"
    },
    {
        "day": "2025-08-13",
        "startTime": "09:00:00",
        "endTime": "09:30:00",
        "etag": "d746976192609e411838dd49ba7e8fcfe5681595e4961ddd7711016be405251c"
    },
    {
        "day": "2025-08-20",
        "startTime": "09:00:00",
        "endTime": "09:30:00",
        "etag": "23acd69b8cef3e486e90c776fd70239f29f47d211edfe880e3a950220fa10872"
    },
    {
        "day": "2025-07-27",
        "startTime": "11:00:00",
        "endTime": "11:30:00",
        "etag": "e6db4e46e51b4ff2a9585ccbc4d878118384421949ec57a9a474bd9bde426c3b"
    },
    {
        "day": "2025-07-27",
        "startTime": "14:00:00",
        "endTime": "14:30:00",
        "etag": "b297bd5609ef4bd1886d5cb4fc0efb9ad61edfc9ade758600f4c57a91524e50c"
    },
    {
        "day": "2025-08-24",
        "startTime": "09:00:00",
        "endTime": "09:30:00",
        "etag": "4410d32d022e234b8afeba5d97fb52b0922ea85a40cbe0f3d6373d1eca7fcacd"
    },
    {
        "day": "2025-08-09",
        "startTime": "14:00:00",
        "endTime": "14:30:00",
        "etag": "7a7fc762bfa9e10c5d86fe10522f634e3c4496ea48802f17aef6dc2066c805a8"
    },
    {
        "day": "2025-07-29",
        "startTime": "11:00:00",
        "endTime": "11:30:00",
        "etag": "ccd6bb437af82d6edbacc2b521a0d942233e718ac3623ee532a48e4277b11818"
    },
    {
        "day": "2025-08-08",
        "startTime": "11:00:00",
        "endTime": "11:30:00",
        "etag": "f658d8f8f5bf09462abbf6f047a196b1d3e632c010adea9f79e031c4b369669f"
    },
    {
        "day": "2025-08-22",
        "startTime": "16:00:00",
        "endTime": "16:30:00",
        "etag": "33b8d46c06ec5c240aa8bf99626b730db0f46759f85f937daa913b8874532d57"
    },
    {
        "day": "2025-07-28",
        "startTime": "09:00:00",
        "endTime": "09:30:00",
        "etag": "10b9e7d415f7a38ebaec189cac41d2b1ec818ae1e9950fe8358326da3bcf435b"
    },
    {
        "day": "2025-08-09",
        "startTime": "11:00:00",
        "endTime": "11:30:00",
        "etag": "e2becf8b7e4802730a30fe828622d830906fd5b2e62432f22906bf78997bc5f5"
    },
    {
        "day": "2025-08-09",
        "startTime": "09:00:00",
        "endTime": "09:30:00",
        "etag": "0acbee3fd09eeca8f6f3c0e5fad28d35f8bffc8f1583472c9ffd5b97f57cd020"
    },
    {
        "day": "2025-08-10",
        "startTime": "11:00:00",
        "endTime": "11:30:00",
        "etag": "e68b4456ec260c82d36ba0af58b7c09cad0901fce03318c5796091c6f5c4ce69"
    },
    {
        "day": "2025-08-03",
        "startTime": "11:00:00",
        "endTime": "11:30:00",
        "etag": "384824eb3265403bfb3ff3a4a8ccc80d4f922fd31d1bbb0e56e5a8e20b976b34"
    },
    {
        "day": "2025-07-26",
        "startTime": "11:00:00",
        "endTime": "11:30:00",
        "etag": "48eb211311f539f90672716a89864539c2092163c45c67eb7f6f535ab78ab1f9"
    },
    {
        "day": "2025-08-05",
        "startTime": "11:00:00",
        "endTime": "11:30:00",
        "etag": "c8866e825ee9da6182f4f7c2afbcae15278d4a30588b18201a2415ffd46262e0"
    },
    {
        "day": "2025-08-06",
        "startTime": "11:00:00",
        "endTime": "11:30:00",
        "etag": "1f12fb2d88897568cdef84bf64f39dc496de4acb6ecb5abe1c196e3b058c3149"
    },
    {
        "day": "2025-07-28",
        "startTime": "11:00:00",
        "endTime": "11:30:00",
        "etag": "d4d56c02eac2e10deb9ddba356655975806bcea727cc14689bf002bff7e9cbad"
    },
    {
        "day": "2025-07-30",
        "startTime": "09:00:00",
        "endTime": "09:30:00",
        "etag": "5c93f58298c218e5002557ecc312c459b9ec12cd02b4e82556a5094dcd75f669"
    },
    {
        "day": "2025-08-13",
        "startTime": "11:00:00",
        "endTime": "11:30:00",
        "etag": "be1f4251d943a633fe9d03bbeb4f14a71b49a2be4c8c26b8b7d97e3f16376290"
    },
    {
        "day": "2025-08-09",
        "startTime": "16:00:00",
        "endTime": "16:30:00",
        "etag": "f5de186131c9e929fcc339f9c3595571f4e9b4d987a4ec08bbaea021686d16be"
    },
    {
        "day": "2025-08-17",
        "startTime": "11:00:00",
        "endTime": "11:30:00",
        "etag": "f3c6d65f78201d40e5e697aa7ea2f407319130d9752ea0d9958843aa44682e3f"
    },
    {
        "day": "2025-08-02",
        "startTime": "14:00:00",
        "endTime": "14:30:00",
        "etag": "f7c0670902720faa5b76cc580c79b7c1e124844856aa7c74dbc19f912644b3ea"
    },
    {
        "day": "2025-08-12",
        "startTime": "14:00:00",
        "endTime": "14:30:00",
        "etag": "21be053dd39fff06acef58f639c0169e3a63296cef88129da7d3d80a4abd950c"
    },
    {
        "day": "2025-08-18",
        "startTime": "11:00:00",
        "endTime": "11:30:00",
        "etag": "5aca4666d5c1af96997990dab4989bbc1cdaa2a72222900a277d8443042b4c68"
    },
    {
        "day": "2025-08-14",
        "startTime": "16:00:00",
        "endTime": "16:30:00",
        "etag": "43fcb38ef9576746152e8532253bbb71a5836165c862a671e9318704510496db"
    },
    {
        "day": "2025-07-31",
        "startTime": "16:00:00",
        "endTime": "16:30:00",
        "etag": "13d330ca2f43d72488fefbc1702c9531ea8698ae9e20286d6e5bc5bcf5a11a0a"
    },
    {
        "day": "2025-08-08",
        "startTime": "14:00:00",
        "endTime": "14:30:00",
        "etag": "4f30d3eff3e748cb90f8a5bd6aee7c5b1f6f7aa1996f497f367685cf221c8433"
    },
    {
        "day": "2025-07-26",
        "startTime": "14:00:00",
        "endTime": "14:30:00",
        "etag": "f727bc137f2cbb4217495707a501636da97af9641b660d2665d4a7f442e2372b"
    },
    {
        "day": "2025-08-20",
        "startTime": "16:00:00",
        "endTime": "16:30:00",
        "etag": "1176020af14a5292f439d7fd9ac836a879f2045a59ce7927a80d5e85f8f6edb1"
    },
    {
        "day": "2025-08-20",
        "startTime": "14:00:00",
        "endTime": "14:30:00",
        "etag": "5938c6ed5259b1df598fa8fedcef5d8cc0b63a76946cc5261db1b3d3aaa4bc5f"
    },
    {
        "day": "2025-08-12",
        "startTime": "11:00:00",
        "endTime": "11:30:00",
        "etag": "2ee4eece58a16e38699a07eb409697ab9e117765756ced88cd7961d7ca3c19d5"
    },
    {
        "day": "2025-08-16",
        "startTime": "16:00:00",
        "endTime": "16:30:00",
        "etag": "f3184877d104e0479302d1d481222c067dde82f1227310a78d3047719983ccd1"
    },
    {
        "day": "2025-08-02",
        "startTime": "16:00:00",
        "endTime": "16:30:00",
        "etag": "f5c58690bb5a8fb8531c25a2d0a738e6b7733d65384a3fd628ef390a44f564e6"
    },
    {
        "day": "2025-08-17",
        "startTime": "14:00:00",
        "endTime": "14:30:00",
        "etag": "5586ab856200a6f9e1991dea3756bbee3e07ec3fd62eae8f1f5797a9a5a408be"
    },
    {
        "day": "2025-08-18",
        "startTime": "16:00:00",
        "endTime": "16:30:00",
        "etag": "bfe72010023fd76d03bf3e4b7f65a2cbd1a3a0ede14e882d955bada88e291509"
    },
    {
        "day": "2025-07-31",
        "startTime": "09:00:00",
        "endTime": "09:30:00",
        "etag": "b33e2b0dc4f81867d272bff1e3d1b26312564fff490af832a31c6143b81950da"
    },
    {
        "day": "2025-08-23",
        "startTime": "09:00:00",
        "endTime": "09:30:00",
        "etag": "f4239a4b7f301e51e810bd00b9e756f20f38f93ab52bfa3b2e48af4310bbd662"
    },
    {
        "day": "2025-08-19",
        "startTime": "14:00:00",
        "endTime": "14:30:00",
        "etag": "3ff75e97a45a7a42f978c79b95a4d21c08713dec896d8d69ebeceabb02083a13"
    },
    {
        "day": "2025-08-15",
        "startTime": "11:00:00",
        "endTime": "11:30:00",
        "etag": "a00a1a45b7f0af311096ef7e448b219a216606b29a663c8f714b5ec1f6d838f8"
    },
    {
        "day": "2025-07-26",
        "startTime": "16:00:00",
        "endTime": "16:30:00",
        "etag": "09a22770f43ead7639ad8ced02678f0027f0758574f6255e2af3b10247fb75dc"
    },
    {
        "day": "2025-08-19",
        "startTime": "11:00:00",
        "endTime": "11:30:00",
        "etag": "f705743569791e56ff1eae07f05908e807094a283ed2e7fc474d10aee093feb8"
    },
    {
        "day": "2025-08-04",
        "startTime": "11:00:00",
        "endTime": "11:30:00",
        "etag": "76ac98a344bffe63e80ecf54ea36d2dee39378ecf24e5382d508f0751c6f8d06"
    },
    {
        "day": "2025-08-24",
        "startTime": "14:00:00",
        "endTime": "14:30:00",
        "etag": "31d67df8fcd92292a204ef213dcbeb017adfebe6c86ef645a1fd9a7bcb6387c7"
    },
    {
        "day": "2025-07-27",
        "startTime": "09:00:00",
        "endTime": "09:30:00",
        "etag": "cd64c214e204d42afb736132953cd884b14cb4607bb38612254ebc81d604c409"
    },
    {
        "day": "2025-08-22",
        "startTime": "11:00:00",
        "endTime": "11:30:00",
        "etag": "9fd03ec1e68b52c1e6622325785f797e68b132d5785b44851385e76f163673c7"
    },
    {
        "day": "2025-07-29",
        "startTime": "09:00:00",
        "endTime": "09:30:00",
        "etag": "6b14f57434efd977d132a4720c188f2640d6873eb61ca16274e015abb32e8bef"
    },
    {
        "day": "2025-08-21",
        "startTime": "16:00:00",
        "endTime": "16:30:00",
        "etag": "ae6e0652b66729a2f6adb5f2ee59496b6420136ff9e94b80af48d9dc22ed8fe3"
    },
    {
        "day": "2025-08-08",
        "startTime": "16:00:00",
        "endTime": "16:30:00",
        "etag": "ebc1e03fa764df1d2b60f31a8dad9b7e3775f48c74198247d62494b08f7bf422"
    },
    {
        "day": "2025-08-21",
        "startTime": "11:00:00",
        "endTime": "11:30:00",
        "etag": "d6935e814fb21d3c2004b8f68219958a385f229983580e98e7cab4790560dce7"
    },
    {
        "day": "2025-08-20",
        "startTime": "11:00:00",
        "endTime": "11:30:00",
        "etag": "ee6effb80b3e0fdad3efb4b5d6aaaa9d8093e375bb6e67c4615729aee18abea4"
    },
    {
        "day": "2025-08-14",
        "startTime": "14:00:00",
        "endTime": "14:30:00",
        "etag": "a2d754327546630927229328d50168e1bcd5e7915880de9458ccb493dacc565c"
    },
    {
        "day": "2025-08-01",
        "startTime": "14:00:00",
        "endTime": "14:30:00",
        "etag": "fc52fd7135c435405868012815fa771fe1d4bb52cb870310e745b68d660c49ff"
    },
    {
        "day": "2025-08-24",
        "startTime": "16:00:00",
        "endTime": "16:30:00",
        "etag": "c52046f441103e8056135ecaf5b5fbf4fd728543cb60b635fb405edaf7649004"
    },
    {
        "day": "2025-08-01",
        "startTime": "16:00:00",
        "endTime": "16:30:00",
        "etag": "f7f8ebc3b46e467ee873abe6e394283fceb4095ad34a25543bd7a3dcfeb38ab6"
    },
    {
        "day": "2025-08-15",
        "startTime": "16:00:00",
        "endTime": "16:30:00",
        "etag": "624d501d9c3899152eeb2c41e062b3451761b5f1373fbbc8b190472369c0a478"
    },
    {
        "day": "2025-08-17",
        "startTime": "16:00:00",
        "endTime": "16:30:00",
        "etag": "be51f1858b1714cd1921bbcd5566e975e95b0334e0c47551e0ca59c3bee950bc"
    },
    {
        "day": "2025-08-11",
        "startTime": "09:00:00",
        "endTime": "09:30:00",
        "etag": "3f2683f9e16734d5702446950aff707aab4893cd6310a658809bd00c0b6abada"
    },
    {
        "day": "2025-08-21",
        "startTime": "14:00:00",
        "endTime": "14:30:00",
        "etag": "5f6e253996ed5f4ca6b27c21e8d7dfcc84160fe516afe3d881223dbebbe87ef0"
    },
    {
        "day": "2025-08-16",
        "startTime": "11:00:00",
        "endTime": "11:30:00",
        "etag": "85c3973ec1c589dde83da97cd94c1e2301d457bd41b0a13e33081a3cef20f452"
    },
    {
        "day": "2025-08-02",
        "startTime": "09:00:00",
        "endTime": "09:30:00",
        "etag": "3b9e44441cabdb466d483697028f47bfeb61d8f63e840ecfde467687a696743b"
    },
    {
        "day": "2025-08-13",
        "startTime": "14:00:00",
        "endTime": "14:30:00",
        "etag": "3cc9f4b24dae6e5b4f34d519454b7d525410864e20a80fd9606991846c0b9ef1"
    },
    {
        "day": "2025-08-10",
        "startTime": "09:00:00",
        "endTime": "09:30:00",
        "etag": "e9829b183f31382af16690e180d5c322ccb214ee3c3985e6f45fa1b452a69518"
    },
    {
        "day": "2025-08-23",
        "startTime": "14:00:00",
        "endTime": "14:30:00",
        "etag": "b7e5dc6847b2dd81bf897666e53464deb1fdd7cb571a5f2a638f22c3cd489e4d"
    },
    {
        "day": "2025-08-07",
        "startTime": "09:00:00",
        "endTime": "09:30:00",
        "etag": "2e6a9483780e4bd8bd0d18ae03a0a776e25f88b13c51395c89bbd49ef9795e08"
    },
    {
        "day": "2025-08-05",
        "startTime": "16:00:00",
        "endTime": "16:30:00",
        "etag": "a6e138dcf0508875e8f768a4022c5a8c2e245dc89b75841066b25938c32cf86c"
    },
    {
        "day": "2025-08-05",
        "startTime": "09:00:00",
        "endTime": "09:30:00",
        "etag": "4e5a423012867627b7313890b70665c03c955b0b32ad00acb7fc8771df0385da"
    },
    {
        "day": "2025-08-16",
        "startTime": "09:00:00",
        "endTime": "09:30:00",
        "etag": "b424a2941a5ff0e6b68febd6de7c20cb7018dc02610b65b7494e3aa5ec9dfdbd"
    },
    {
        "day": "2025-08-15",
        "startTime": "09:00:00",
        "endTime": "09:30:00",
        "etag": "3977f486ee09542524b61f2734b91710d7c72e8cfe67391ba727834c8cd238fe"
    },
    {
        "day": "2025-08-19",
        "startTime": "16:00:00",
        "endTime": "16:30:00",
        "etag": "9a89147fd9d70ffc3f0c7766f931594b051a7845595878d3353f786524d9eb30"
    },
    {
        "day": "2025-08-24",
        "startTime": "11:00:00",
        "endTime": "11:30:00",
        "etag": "0ecd3d21c6b7ac328cf15394326dcff730880a21001615dcfe15a21d745ee246"
    },
    {
        "day": "2025-08-21",
        "startTime": "09:00:00",
        "endTime": "09:30:00",
        "etag": "60046ccc2c748ac48e7c4fa4690e9719c4aeaf75d476e0cde5ba8c47b7e2c21e"
    },
    {
        "day": "2025-07-28",
        "startTime": "14:00:00",
        "endTime": "14:30:00",
        "etag": "94c359b34d2058168a49c88d11983e420557968152eff594e54cc4f5fdb663a2"
    },
    {
        "day": "2025-07-28",
        "startTime": "16:00:00",
        "endTime": "16:30:00",
        "etag": "f1fa726b8ebf70dc95883c35ac101d35d47bbdb03e1bd3d0a96042253afe0176"
    },
    {
        "day": "2025-08-11",
        "startTime": "11:00:00",
        "endTime": "11:30:00",
        "etag": "49c04db2b479e9f7e71f8bb3279c560587d5a005f8d64feded7a56fa309f6f6e"
    },
    {
        "day": "2025-08-07",
        "startTime": "16:00:00",
        "endTime": "16:30:00",
        "etag": "f38c24688a35477a251e02d6ab78f9772baf697d7be9c488cbbbf774ce09b171"
    },
    {
        "day": "2025-07-31",
        "startTime": "14:00:00",
        "endTime": "14:30:00",
        "etag": "a3d2da62c9c3943d871f60c7279f6852167466e40fab82bcb965275111c642c7"
    },
    {
        "day": "2025-08-23",
        "startTime": "11:00:00",
        "endTime": "11:30:00",
        "etag": "7b6983b713b36ed94267bd2e098cdf93e77b86fe81bf364b0da7440291de8c31"
    },
    {
        "day": "2025-07-26",
        "startTime": "09:00:00",
        "endTime": "09:30:00",
        "etag": "70463a45161b5d9b1454e16dc259880cdb1fcc3c033783b69d866bf015263a76"
    },
    {
        "day": "2025-08-19",
        "startTime": "09:00:00",
        "endTime": "09:30:00",
        "etag": "102f60e3af9a1ad341552cd3e45a073278ebb4aec31eb7db8224226b5a3e84d6"
    },
    {
        "day": "2025-08-03",
        "startTime": "16:00:00",
        "endTime": "16:30:00",
        "etag": "56344054a019199437652207bf643533964802eb9272c104022b8e3bf39f0c84"
    },
    {
        "day": "2025-08-11",
        "startTime": "16:00:00",
        "endTime": "16:30:00",
        "etag": "0b19d1a26956daacda96f8947a6e9350096e1ede7d7196ae8dab995009d3dd62"
    },
    {
        "day": "2025-08-22",
        "startTime": "09:00:00",
        "endTime": "09:30:00",
        "etag": "a608b73c8dde460a06ec6dd69fef5cf8d3ce65aa995213bf7003c4ff6b22458d"
    },
    {
        "day": "2025-08-06",
        "startTime": "09:00:00",
        "endTime": "09:30:00",
        "etag": "88fdb27e52538d791b4c757e2b9849c89b7f3d46996dacbfb854f93878f0f21e"
    },
    {
        "day": "2025-08-15",
        "startTime": "14:00:00",
        "endTime": "14:30:00",
        "etag": "0d609b55f6010a2bb1a6941db3beea99435465ed9dff3469f512b4cc3e41d628"
    },
    {
        "day": "2025-08-04",
        "startTime": "16:00:00",
        "endTime": "16:30:00",
        "etag": "50951f521e435b9a3c9ca1abf738003e9b3534371cb7358ee9d6798a8489a799"
    },
    {
        "day": "2025-08-06",
        "startTime": "16:00:00",
        "endTime": "16:30:00",
        "etag": "fc2652239183bcc81b9ab4089bcd859ad1169a018120f4e7971622b35081edf8"
    }
]
