{
    "id": 1,
    "enabled": false,
    "baseUri": "http://radicale:5232/dev/example/",
    "username": "dev",
    "password": "dev",
    "syncedAt": "2023-01-12T21:22:21+01:00"
}
