[
    {
        "id": 10,
        "countItems": 27,
        "createdAt": "2024-01-09T00:00:00+00:00",
        "failed": true,
        "errorDetails": "This is a example stack trace...",
        "errorMessage": "CalDAV-Sync has failed."
    },
    {
        "id": 9,
        "countItems": 24,
        "createdAt": "2024-01-08T00:00:00+00:00",
        "failed": false
    },
    {
        "id": 8,
        "countItems": 21,
        "createdAt": "2024-01-07T00:00:00+00:00",
        "failed": true,
        "errorDetails": "This is a example stack trace...",
        "errorMessage": "CalDAV-Sync has failed."
    },
    {
        "id": 7,
        "countItems": 18,
        "createdAt": "2024-01-06T00:00:00+00:00",
        "failed": false
    },
    {
        "id": 6,
        "countItems": 15,
        "createdAt": "2024-01-05T00:00:00+00:00",
        "failed": true,
        "errorDetails": "This is a example stack trace...",
        "errorMessage": "CalDAV-Sync has failed."
    },
    {
        "id": 5,
        "countItems": 12,
        "createdAt": "2024-01-04T00:00:00+00:00",
        "failed": false
    },
    {
        "id": 4,
        "countItems": 9,
        "createdAt": "2024-01-03T00:00:00+00:00",
        "failed": true,
        "errorDetails": "This is a example stack trace...",
        "errorMessage": "CalDAV-Sync has failed."
    },
    {
        "id": 3,
        "countItems": 6,
        "createdAt": "2024-01-02T00:00:00+00:00",
        "failed": false
    },
    {
        "id": 2,
        "countItems": 3,
        "createdAt": "2024-01-01T00:00:00+00:00",
        "failed": true,
        "errorDetails": "This is a example stack trace...",
        "errorMessage": "CalDAV-Sync has failed."
    },
    {
        "id": 1,
        "countItems": 0,
        "createdAt": "2023-12-31T00:00:00+00:00",
        "failed": false
    }
]
