[
    {
        "id": 10,
        "countItems": 27,
        "createdAt": "2024-01-09T00:00:00+00:00",
        "failed": true,
        "calDavAuth": {
            "baseUri": "http://radicale:5232/dev/example/",
            "username": "dev"
        },
        "errorDetails": "This is a example stack trace...",
        "errorMessage": "CalDAV-Sync has failed."
    },
    {
        "id": 8,
        "countItems": 21,
        "createdAt": "2024-01-07T00:00:00+00:00",
        "failed": true,
        "calDavAuth": {
            "baseUri": "http://radicale:5232/dev/example/",
            "username": "dev"
        },
        "errorDetails": "This is a example stack trace...",
        "errorMessage": "CalDAV-Sync has failed."
    },
    {
        "id": 6,
        "countItems": 15,
        "createdAt": "2024-01-05T00:00:00+00:00",
        "failed": true,
        "calDavAuth": {
            "baseUri": "http://radicale:5232/dev/example/",
            "username": "dev"
        },
        "errorDetails": "This is a example stack trace...",
        "errorMessage": "CalDAV-Sync has failed."
    },
    {
        "id": 4,
        "countItems": 9,
        "createdAt": "2024-01-03T00:00:00+00:00",
        "failed": true,
        "calDavAuth": {
            "baseUri": "http://radicale:5232/dev/example/",
            "username": "dev"
        },
        "errorDetails": "This is a example stack trace...",
        "errorMessage": "CalDAV-Sync has failed."
    },
    {
        "id": 2,
        "countItems": 3,
        "createdAt": "2024-01-01T00:00:00+00:00",
        "failed": true,
        "calDavAuth": {
            "baseUri": "http://radicale:5232/dev/example/",
            "username": "dev"
        },
        "errorDetails": "This is a example stack trace...",
        "errorMessage": "CalDAV-Sync has failed."
    }
]
