[
    {
        "id": 1,
        "dayOfWeek": "monday",
        "startTime": "1970-01-01T09:00:00+01:00",
        "endTime": "1970-01-01T12:00:00+01:00"
    },
    {
        "id": 2,
        "dayOfWeek": "monday",
        "startTime": "1970-01-01T15:00:00+01:00",
        "endTime": "1970-01-01T17:00:00+01:00"
    },
    {
        "id": 3,
        "dayOfWeek": "tuesday",
        "startTime": "1970-01-01T09:00:00+01:00",
        "endTime": "1970-01-01T17:00:00+01:00"
    },
    {
        "id": 4,
        "dayOfWeek": "wednesday",
        "startTime": "1970-01-01T09:00:00+01:00",
        "endTime": "1970-01-01T17:00:00+01:00"
    },
    {
        "id": 5,
        "dayOfWeek": "thursday",
        "startTime": "1970-01-01T09:00:00+01:00",
        "endTime": "1970-01-01T17:00:00+01:00"
    }
]
