{
    "dayOfWeek": "monday",
    "startTime": "1970-01-01T10:00:00+01:00",
    "endTime": "1970-01-01T12:00:00+01:00"
}
