[
    {
        "day": "2025-10-01",
        "count_timeslots": 0
    },
    {
        "day": "2025-10-02",
        "count_timeslots": 8
    },
    {
        "day": "2025-10-03",
        "count_timeslots": 0
    },
    {
        "day": "2025-10-04",
        "count_timeslots": 0
    },
    {
        "day": "2025-10-05",
        "count_timeslots": 0
    },
    {
        "day": "2025-10-06",
        "count_timeslots": 5
    },
    {
        "day": "2025-10-07",
        "count_timeslots": 8
    },
    {
        "day": "2025-10-08",
        "count_timeslots": 8
    },
    {
        "day": "2025-10-09",
        "count_timeslots": 8
    },
    {
        "day": "2025-10-10",
        "count_timeslots": 0
    },
    {
        "day": "2025-10-11",
        "count_timeslots": 0
    },
    {
        "day": "2025-10-12",
        "count_timeslots": 0
    },
    {
        "day": "2025-10-13",
        "count_timeslots": 5
    },
    {
        "day": "2025-10-14",
        "count_timeslots": 8
    },
    {
        "day": "2025-10-15",
        "count_timeslots": 8
    },
    {
        "day": "2025-10-16",
        "count_timeslots": 8
    },
    {
        "day": "2025-10-17",
        "count_timeslots": 0
    },
    {
        "day": "2025-10-18",
        "count_timeslots": 0
    },
    {
        "day": "2025-10-19",
        "count_timeslots": 0
    },
    {
        "day": "2025-10-20",
        "count_timeslots": 5
    },
    {
        "day": "2025-10-21",
        "count_timeslots": 8
    },
    {
        "day": "2025-10-22",
        "count_timeslots": 8
    },
    {
        "day": "2025-10-23",
        "count_timeslots": 8
    },
    {
        "day": "2025-10-24",
        "count_timeslots": 0
    },
    {
        "day": "2025-10-25",
        "count_timeslots": 0
    },
    {
        "day": "2025-10-26",
        "count_timeslots": 0
    },
    {
        "day": "2025-10-27",
        "count_timeslots": 5
    },
    {
        "day": "2025-10-28",
        "count_timeslots": 8
    },
    {
        "day": "2025-10-29",
        "count_timeslots": 8
    },
    {
        "day": "2025-10-30",
        "count_timeslots": 8
    },
    {
        "day": "2025-10-31",
        "count_timeslots": 0
    }
]
