{
    "id": 4,
    "dayOfWeek": "monday",
    "fullDay": true
}
