{
    "id": 1,
    "dayOfWeek": "tuesday",
    "startTime": "1970-01-01T13:00:00+00:00",
    "endTime": "1970-01-01T14:30:00+00:00",
    "fullDay": false
}
