[
    {
        "id": 1,
        "dayOfWeek": "tuesday",
        "startTime": "1970-01-01T13:00:00+01:00",
        "endTime": "1970-01-01T14:30:00+01:00",
        "fullDay": false
    },
    {
        "id": 2,
        "dayOfWeek": "monday",
        "startTime": "1970-01-01T13:00:00+01:00",
        "endTime": "1970-01-01T17:00:00+01:00",
        "fullDay": false
    },
    {
        "id": 3,
        "dayOfWeek": "sunday",
        "fullDay": true
    }
]
