{
    "ApiPlatform\\Metadata\\ApiResource": {
        "ApiPlatform\\Metadata\\Post": {
            "method": "s:4:\"POST\";",
            "uriTemplate": "s:17:\"/password/request\";",
            "controller": "s:40:\"App\\Controller\\RequestPasswordController\";",
            "openapi": "O:35:\"ApiPlatform\\OpenApi\\Model\\Operation\":13:{s:48:\"\u0000ApiPlatform\\OpenApi\\Model\\Operation\u0000operationId\";N;s:41:\"\u0000ApiPlatform\\OpenApi\\Model\\Operation\u0000tags\";N;s:46:\"\u0000ApiPlatform\\OpenApi\\Model\\Operation\u0000responses\";a:1:{i:204;a:1:{s:11:\"description\";s:44:\"No content. Password reset request accepted.\";}}s:44:\"\u0000ApiPlatform\\OpenApi\\Model\\Operation\u0000summary\";N;s:48:\"\u0000ApiPlatform\\OpenApi\\Model\\Operation\u0000description\";N;s:49:\"\u0000ApiPlatform\\OpenApi\\Model\\Operation\u0000externalDocs\";N;s:47:\"\u0000ApiPlatform\\OpenApi\\Model\\Operation\u0000parameters\";N;s:48:\"\u0000ApiPlatform\\OpenApi\\Model\\Operation\u0000requestBody\";N;s:46:\"\u0000ApiPlatform\\OpenApi\\Model\\Operation\u0000callbacks\";N;s:47:\"\u0000ApiPlatform\\OpenApi\\Model\\Operation\u0000deprecated\";N;s:45:\"\u0000ApiPlatform\\OpenApi\\Model\\Operation\u0000security\";N;s:44:\"\u0000ApiPlatform\\OpenApi\\Model\\Operation\u0000servers\";N;s:56:\"\u0000ApiPlatform\\OpenApi\\Model\\Operation\u0000extensionProperties\";a:0:{}}",
            "read": "b:0;",
            "write": "b:0;",
            "extraProperties": "a:0:{}"
        }
    }
}
