[
    {
        "name": "email",
        "is_required": true,
        "default": null,
        "description": "A email address of the user"
    }
]
