{
    "id": 1,
    "name": "Conference Call",
    "description": "A call to discuss project updates.",
    "duration": 60,
    "slug": "conference-call",
    "host": {
        "givenName": "John",
        "familyName": "Doe"
    },
    "meetingProviders": [
        {
            "id": 1,
            "providerIdentifier": "jitsi_meet",
            "enabled": true,
            "name": "Jitsi Meet"
        },
        {
            "id": 2,
            "providerIdentifier": "phone",
            "enabled": true,
            "name": "Phone call"
        }
    ],
    "additionalEventFields": []
}
