{
    "id": 1,
    "name": "Test Event Type edited",
    "description": "Test Event Type edited Description",
    "duration": 60,
    "slug": "conference-call",
    "host": {
        "email": "user@example.tld",
        "givenName": "John",
        "familyName": "Doe"
    },
    "meetingProviders": [
        {
            "id": 1,
            "providerIdentifier": "jitsi_meet",
            "enabled": true,
            "name": "Jitsi Meet"
        }
    ]
}
