[
    {
        "id": 2,
        "eventType": {
            "id": 2,
            "name": "Team Meeting",
            "description": "Weekly sync with the team.",
            "duration": 30,
            "slug": "team-meeting"
        },
        "startTime": "1970-01-01T10:00:00+01:00",
        "endTime": "1970-01-01T10:30:00+01:00",
        "day": "2024-01-01T00:00:00+01:00",
        "participantName": "Jane Smith",
        "participantEmail": "jane.smith@example.com",
        "participantMessage": "Can we discuss the agenda beforehand?",
        "meetingProviderIdentifier": "jitsi_meet",
        "participationUrl": "/team-meeting-01-01-2024-meeting-2"
    }
]
