{
    "id": 4,
    "name": "Test Event Type",
    "description": "Test Event Type Description",
    "duration": 30,
    "slug": "test-event-type",
    "host": {
        "email": "user@example.tld",
        "givenName": "John",
        "familyName": "Doe"
    },
    "meetingProviders": [
        {
            "id": 2,
            "providerIdentifier": "jitsi_meet",
            "enabled": true
        }
    ]
}
