[
    {
        "id": 2,
        "name": "Team Meeting",
        "description": "Weekly sync with the team.",
        "duration": 30,
        "slug": "team-meeting",
        "host": {
            "email": "jane.smith@example.tld",
            "givenName": "Jane",
            "familyName": "Smith"
        },
        "meetingProviders": []
    }
]
