[
    {
        "country": "DE",
        "year": 2025,
        "date": "2025-01-01T00:00:00+00:00",
        "localName": "Neujahr",
        "name": "New Year's Day"
    },
    {
        "country": "DE",
        "year": 2025,
        "date": "2025-01-06T00:00:00+00:00",
        "localName": "Heilige Drei Könige",
        "name": "Epiphany"
    },
    {
        "country": "DE",
        "year": 2025,
        "date": "2025-03-08T00:00:00+00:00",
        "localName": "Internationaler Frauentag",
        "name": "International Women's Day"
    },
    {
        "country": "DE",
        "year": 2025,
        "date": "2025-04-18T00:00:00+00:00",
        "localName": "Karfreitag",
        "name": "Good Friday"
    },
    {
        "country": "DE",
        "year": 2025,
        "date": "2025-04-20T00:00:00+00:00",
        "localName": "Ostersonntag",
        "name": "Easter Sunday"
    },
    {
        "country": "DE",
        "year": 2025,
        "date": "2025-04-21T00:00:00+00:00",
        "localName": "Ostermontag",
        "name": "Easter Monday"
    },
    {
        "country": "DE",
        "year": 2025,
        "date": "2025-05-01T00:00:00+00:00",
        "localName": "Tag der Arbeit",
        "name": "Labour Day"
    },
    {
        "country": "DE",
        "year": 2025,
        "date": "2025-05-08T00:00:00+00:00",
        "localName": "Tag der Befreiung",
        "name": "Liberation Day"
    },
    {
        "country": "DE",
        "year": 2025,
        "date": "2025-05-29T00:00:00+00:00",
        "localName": "Christi Himmelfahrt",
        "name": "Ascension Day"
    },
    {
        "country": "DE",
        "year": 2025,
        "date": "2025-06-08T00:00:00+00:00",
        "localName": "Pfingstsonntag",
        "name": "Pentecost"
    },
    {
        "country": "DE",
        "year": 2025,
        "date": "2025-06-09T00:00:00+00:00",
        "localName": "Pfingstmontag",
        "name": "Whit Monday"
    },
    {
        "country": "DE",
        "year": 2025,
        "date": "2025-06-19T00:00:00+00:00",
        "localName": "Fronleichnam",
        "name": "Corpus Christi"
    },
    {
        "country": "DE",
        "year": 2025,
        "date": "2025-08-15T00:00:00+00:00",
        "localName": "Mariä Himmelfahrt",
        "name": "Assumption Day"
    },
    {
        "country": "DE",
        "year": 2025,
        "date": "2025-09-20T00:00:00+00:00",
        "localName": "Weltkindertag",
        "name": "World Children's Day"
    },
    {
        "country": "DE",
        "year": 2025,
        "date": "2025-10-03T00:00:00+00:00",
        "localName": "Tag der Deutschen Einheit",
        "name": "German Unity Day"
    },
    {
        "country": "DE",
        "year": 2025,
        "date": "2025-10-31T00:00:00+00:00",
        "localName": "Reformationstag",
        "name": "Reformation Day"
    },
    {
        "country": "DE",
        "year": 2025,
        "date": "2025-11-01T00:00:00+00:00",
        "localName": "Allerheiligen",
        "name": "All Saints' Day"
    },
    {
        "country": "DE",
        "year": 2025,
        "date": "2025-11-19T00:00:00+00:00",
        "localName": "Buß- und Bettag",
        "name": "Repentance and Prayer Day"
    },
    {
        "country": "DE",
        "year": 2025,
        "date": "2025-12-25T00:00:00+00:00",
        "localName": "Erster Weihnachtstag",
        "name": "Christmas Day"
    },
    {
        "country": "DE",
        "year": 2025,
        "date": "2025-12-26T00:00:00+00:00",
        "localName": "Zweiter Weihnachtstag",
        "name": "St. Stephen's Day"
    }
]
